{"environment":"development","level":"debug","message":"SQL Query","service":"kanyr-backend","sql":"Executing (default): SELECT 1+1 AS result","timestamp":"2026-03-12 08:29:15.807","type":"database"}
{"environment":"development","level":"info","message":"✓ Sikeres adatbázis kapcsolat létrehozva","service":"kanyr-backend","timestamp":"2026-03-12 08:29:15.809"}
{"environment":"development","level":"debug","message":"SQL Query","service":"kanyr-backend","sql":"Executing (default): SELECT name FROM sqlite_master WHERE type='table' AND name='lakcims';","timestamp":"2026-03-12 08:29:15.811","type":"database"}
{"environment":"development","level":"debug","message":"SQL Query","service":"kanyr-backend","sql":"Executing (default): PRAGMA INDEX_LIST(`lakcims`)","timestamp":"2026-03-12 08:29:15.815","type":"database"}
{"environment":"development","level":"debug","message":"SQL Query","service":"kanyr-backend","sql":"Executing (default): PRAGMA INDEX_INFO(`lakcims_iranyitoszam`)","timestamp":"2026-03-12 08:29:15.817","type":"database"}
{"environment":"development","level":"debug","message":"SQL Query","service":"kanyr-backend","sql":"Executing (default): PRAGMA INDEX_INFO(`lakcims_varos`)","timestamp":"2026-03-12 08:29:15.817","type":"database"}
{"environment":"development","level":"debug","message":"SQL Query","service":"kanyr-backend","sql":"Executing (default): SELECT name FROM sqlite_master WHERE type='table' AND name='szulos';","timestamp":"2026-03-12 08:29:15.818","type":"database"}
{"environment":"development","level":"debug","message":"SQL Query","service":"kanyr-backend","sql":"Executing (default): PRAGMA INDEX_LIST(`szulos`)","timestamp":"2026-03-12 08:29:15.819","type":"database"}
{"environment":"development","level":"debug","message":"SQL Query","service":"kanyr-backend","sql":"Executing (default): PRAGMA INDEX_INFO(`sqlite_autoindex_szulos_1`)","timestamp":"2026-03-12 08:29:15.820","type":"database"}
{"environment":"development","level":"debug","message":"SQL Query","service":"kanyr-backend","sql":"Executing (default): PRAGMA INDEX_INFO(`sqlite_autoindex_szulos_2`)","timestamp":"2026-03-12 08:29:15.821","type":"database"}
{"environment":"development","level":"debug","message":"SQL Query","service":"kanyr-backend","sql":"Executing (default): PRAGMA INDEX_INFO(`szulos_email`)","timestamp":"2026-03-12 08:29:15.821","type":"database"}
{"environment":"development","level":"debug","message":"SQL Query","service":"kanyr-backend","sql":"Executing (default): PRAGMA INDEX_INFO(`szulos_cim_id`)","timestamp":"2026-03-12 08:29:15.822","type":"database"}
{"environment":"development","level":"debug","message":"SQL Query","service":"kanyr-backend","sql":"Executing (default): PRAGMA INDEX_INFO(`szulos_szemelyi_igazolvany_szam`)","timestamp":"2026-03-12 08:29:15.822","type":"database"}
{"environment":"development","level":"debug","message":"SQL Query","service":"kanyr-backend","sql":"Executing (default): SELECT name FROM sqlite_master WHERE type='table' AND name='diaks';","timestamp":"2026-03-12 08:29:15.824","type":"database"}
{"environment":"development","level":"debug","message":"SQL Query","service":"kanyr-backend","sql":"Executing (default): PRAGMA INDEX_LIST(`diaks`)","timestamp":"2026-03-12 08:29:15.825","type":"database"}
{"environment":"development","level":"debug","message":"SQL Query","service":"kanyr-backend","sql":"Executing (default): PRAGMA INDEX_INFO(`sqlite_autoindex_diaks_1`)","timestamp":"2026-03-12 08:29:15.826","type":"database"}
{"environment":"development","level":"debug","message":"SQL Query","service":"kanyr-backend","sql":"Executing (default): PRAGMA INDEX_INFO(`sqlite_autoindex_diaks_2`)","timestamp":"2026-03-12 08:29:15.826","type":"database"}
{"environment":"development","level":"debug","message":"SQL Query","service":"kanyr-backend","sql":"Executing (default): PRAGMA INDEX_INFO(`sqlite_autoindex_diaks_3`)","timestamp":"2026-03-12 08:29:15.827","type":"database"}
{"environment":"development","level":"debug","message":"SQL Query","service":"kanyr-backend","sql":"Executing (default): PRAGMA INDEX_INFO(`sqlite_autoindex_diaks_4`)","timestamp":"2026-03-12 08:29:15.827","type":"database"}
{"environment":"development","level":"debug","message":"SQL Query","service":"kanyr-backend","sql":"Executing (default): PRAGMA INDEX_INFO(`diaks_email`)","timestamp":"2026-03-12 08:29:15.827","type":"database"}
{"environment":"development","level":"debug","message":"SQL Query","service":"kanyr-backend","sql":"Executing (default): PRAGMA INDEX_INFO(`diaks_szulo_id`)","timestamp":"2026-03-12 08:29:15.828","type":"database"}
{"environment":"development","level":"debug","message":"SQL Query","service":"kanyr-backend","sql":"Executing (default): PRAGMA INDEX_INFO(`diaks_cim_id`)","timestamp":"2026-03-12 08:29:15.829","type":"database"}
{"environment":"development","level":"debug","message":"SQL Query","service":"kanyr-backend","sql":"Executing (default): PRAGMA INDEX_INFO(`diaks_nev`)","timestamp":"2026-03-12 08:29:15.829","type":"database"}
{"environment":"development","level":"debug","message":"SQL Query","service":"kanyr-backend","sql":"Executing (default): PRAGMA INDEX_INFO(`diaks_szemelyi_igazolvany_szam`)","timestamp":"2026-03-12 08:29:15.829","type":"database"}
{"environment":"development","level":"debug","message":"SQL Query","service":"kanyr-backend","sql":"Executing (default): PRAGMA INDEX_INFO(`diaks_taj_szam`)","timestamp":"2026-03-12 08:29:15.831","type":"database"}
{"environment":"development","level":"debug","message":"SQL Query","service":"kanyr-backend","sql":"Executing (default): PRAGMA INDEX_INFO(`diaks_diakigazolvany_szam`)","timestamp":"2026-03-12 08:29:15.831","type":"database"}
{"environment":"development","level":"debug","message":"SQL Query","service":"kanyr-backend","sql":"Executing (default): SELECT name FROM sqlite_master WHERE type='table' AND name='felhasznalos';","timestamp":"2026-03-12 08:29:15.835","type":"database"}
{"environment":"development","level":"debug","message":"SQL Query","service":"kanyr-backend","sql":"Executing (default): PRAGMA INDEX_LIST(`felhasznalos`)","timestamp":"2026-03-12 08:29:15.836","type":"database"}
{"environment":"development","level":"debug","message":"SQL Query","service":"kanyr-backend","sql":"Executing (default): PRAGMA INDEX_INFO(`sqlite_autoindex_felhasznalos_1`)","timestamp":"2026-03-12 08:29:15.837","type":"database"}
{"environment":"development","level":"debug","message":"SQL Query","service":"kanyr-backend","sql":"Executing (default): PRAGMA INDEX_INFO(`sqlite_autoindex_felhasznalos_2`)","timestamp":"2026-03-12 08:29:15.838","type":"database"}
{"environment":"development","level":"debug","message":"SQL Query","service":"kanyr-backend","sql":"Executing (default): PRAGMA INDEX_INFO(`felhasznalos_email`)","timestamp":"2026-03-12 08:29:15.838","type":"database"}
{"environment":"development","level":"debug","message":"SQL Query","service":"kanyr-backend","sql":"Executing (default): PRAGMA INDEX_INFO(`felhasznalos_username`)","timestamp":"2026-03-12 08:29:15.839","type":"database"}
{"environment":"development","level":"debug","message":"SQL Query","service":"kanyr-backend","sql":"Executing (default): PRAGMA INDEX_INFO(`felhasznalos_diak_id`)","timestamp":"2026-03-12 08:29:15.839","type":"database"}
{"environment":"development","level":"debug","message":"SQL Query","service":"kanyr-backend","sql":"Executing (default): PRAGMA INDEX_INFO(`felhasznalos_token_version`)","timestamp":"2026-03-12 08:29:15.839","type":"database"}
{"environment":"development","level":"debug","message":"SQL Query","service":"kanyr-backend","sql":"Executing (default): SELECT name FROM sqlite_master WHERE type='table' AND name='szobas';","timestamp":"2026-03-12 08:29:15.841","type":"database"}
{"environment":"development","level":"debug","message":"SQL Query","service":"kanyr-backend","sql":"Executing (default): PRAGMA INDEX_LIST(`szobas`)","timestamp":"2026-03-12 08:29:15.842","type":"database"}
{"environment":"development","level":"debug","message":"SQL Query","service":"kanyr-backend","sql":"Executing (default): PRAGMA INDEX_INFO(`sqlite_autoindex_szobas_1`)","timestamp":"2026-03-12 08:29:15.842","type":"database"}
{"environment":"development","level":"debug","message":"SQL Query","service":"kanyr-backend","sql":"Executing (default): PRAGMA INDEX_INFO(`szobas_szoba_szama`)","timestamp":"2026-03-12 08:29:15.843","type":"database"}
{"environment":"development","level":"debug","message":"SQL Query","service":"kanyr-backend","sql":"Executing (default): SELECT name FROM sqlite_master WHERE type='table' AND name='szobavaltoztatas';","timestamp":"2026-03-12 08:29:15.844","type":"database"}
{"environment":"development","level":"debug","message":"SQL Query","service":"kanyr-backend","sql":"Executing (default): PRAGMA INDEX_LIST(`szobavaltoztatas`)","timestamp":"2026-03-12 08:29:15.845","type":"database"}
{"environment":"development","level":"debug","message":"SQL Query","service":"kanyr-backend","sql":"Executing (default): PRAGMA INDEX_INFO(`szobavaltoztatas_diak_id`)","timestamp":"2026-03-12 08:29:15.845","type":"database"}
{"environment":"development","level":"debug","message":"SQL Query","service":"kanyr-backend","sql":"Executing (default): PRAGMA INDEX_INFO(`szobavaltoztatas_jelenlegi_szoba_id`)","timestamp":"2026-03-12 08:29:15.846","type":"database"}
{"environment":"development","level":"debug","message":"SQL Query","service":"kanyr-backend","sql":"Executing (default): PRAGMA INDEX_INFO(`szobavaltoztatas_kivant_szoba_id`)","timestamp":"2026-03-12 08:29:15.847","type":"database"}
{"environment":"development","level":"debug","message":"SQL Query","service":"kanyr-backend","sql":"Executing (default): PRAGMA INDEX_INFO(`szobavaltoztatas_statusz`)","timestamp":"2026-03-12 08:29:15.848","type":"database"}
{"environment":"development","level":"debug","message":"SQL Query","service":"kanyr-backend","sql":"Executing (default): PRAGMA INDEX_INFO(`szobavaltoztatas_academic_year`)","timestamp":"2026-03-12 08:29:15.848","type":"database"}
{"environment":"development","level":"debug","message":"SQL Query","service":"kanyr-backend","sql":"Executing (default): PRAGMA INDEX_INFO(`szobavaltoztatas_statusz_academic_year`)","timestamp":"2026-03-12 08:29:15.848","type":"database"}
{"environment":"development","level":"debug","message":"SQL Query","service":"kanyr-backend","sql":"Executing (default): SELECT name FROM sqlite_master WHERE type='table' AND name='notifications';","timestamp":"2026-03-12 08:29:15.851","type":"database"}
{"environment":"development","level":"debug","message":"SQL Query","service":"kanyr-backend","sql":"Executing (default): PRAGMA INDEX_LIST(`notifications`)","timestamp":"2026-03-12 08:29:15.852","type":"database"}
{"environment":"development","level":"debug","message":"SQL Query","service":"kanyr-backend","sql":"Executing (default): PRAGMA INDEX_INFO(`notifications_diak_id`)","timestamp":"2026-03-12 08:29:15.853","type":"database"}
{"environment":"development","level":"debug","message":"SQL Query","service":"kanyr-backend","sql":"Executing (default): PRAGMA INDEX_INFO(`notifications_szoba_valtoztatas_id`)","timestamp":"2026-03-12 08:29:15.853","type":"database"}
{"environment":"development","level":"debug","message":"SQL Query","service":"kanyr-backend","sql":"Executing (default): PRAGMA INDEX_INFO(`notifications_elolvasva`)","timestamp":"2026-03-12 08:29:15.854","type":"database"}
{"environment":"development","level":"debug","message":"SQL Query","service":"kanyr-backend","sql":"Executing (default): PRAGMA INDEX_INFO(`notifications_diak_id_elolvasva`)","timestamp":"2026-03-12 08:29:15.854","type":"database"}
{"environment":"development","level":"debug","message":"SQL Query","service":"kanyr-backend","sql":"Executing (default): SELECT name FROM sqlite_master WHERE type='table' AND name='revoked_tokens';","timestamp":"2026-03-12 08:29:15.855","type":"database"}
{"environment":"development","level":"debug","message":"SQL Query","service":"kanyr-backend","sql":"Executing (default): PRAGMA INDEX_LIST(`revoked_tokens`)","timestamp":"2026-03-12 08:29:15.856","type":"database"}
{"environment":"development","level":"debug","message":"SQL Query","service":"kanyr-backend","sql":"Executing (default): PRAGMA INDEX_INFO(`revoked_tokens_token`)","timestamp":"2026-03-12 08:29:15.857","type":"database"}
{"environment":"development","level":"debug","message":"SQL Query","service":"kanyr-backend","sql":"Executing (default): PRAGMA INDEX_INFO(`revoked_tokens_user_id`)","timestamp":"2026-03-12 08:29:15.857","type":"database"}
{"environment":"development","level":"debug","message":"SQL Query","service":"kanyr-backend","sql":"Executing (default): PRAGMA INDEX_INFO(`revoked_tokens_expires_at`)","timestamp":"2026-03-12 08:29:15.857","type":"database"}
{"environment":"development","level":"debug","message":"SQL Query","service":"kanyr-backend","sql":"Executing (default): PRAGMA INDEX_INFO(`revoked_tokens_revoked_at`)","timestamp":"2026-03-12 08:29:15.857","type":"database"}
{"environment":"development","level":"debug","message":"SQL Query","service":"kanyr-backend","sql":"Executing (default): SELECT name FROM sqlite_master WHERE type='table' AND name='szoba_bekoltozes';","timestamp":"2026-03-12 08:29:15.859","type":"database"}
{"environment":"development","level":"debug","message":"SQL Query","service":"kanyr-backend","sql":"Executing (default): PRAGMA INDEX_LIST(`szoba_bekoltozes`)","timestamp":"2026-03-12 08:29:15.861","type":"database"}
{"environment":"development","level":"debug","message":"SQL Query","service":"kanyr-backend","sql":"Executing (default): PRAGMA INDEX_INFO(`szoba_bekoltozes_diak_id`)","timestamp":"2026-03-12 08:29:15.862","type":"database"}
{"environment":"development","level":"debug","message":"SQL Query","service":"kanyr-backend","sql":"Executing (default): PRAGMA INDEX_INFO(`szoba_bekoltozes_szoba_id`)","timestamp":"2026-03-12 08:29:15.864","type":"database"}
{"environment":"development","level":"debug","message":"SQL Query","service":"kanyr-backend","sql":"Executing (default): PRAGMA INDEX_INFO(`szoba_bekoltozes_bekoltozes_datum`)","timestamp":"2026-03-12 08:29:15.865","type":"database"}
{"environment":"development","level":"debug","message":"SQL Query","service":"kanyr-backend","sql":"Executing (default): PRAGMA INDEX_INFO(`szoba_bekoltozes_kikoltozes_datum`)","timestamp":"2026-03-12 08:29:15.867","type":"database"}
{"environment":"development","level":"debug","message":"SQL Query","service":"kanyr-backend","sql":"Executing (default): PRAGMA INDEX_INFO(`szoba_bekoltozes_diak_id_kikoltozes_datum`)","timestamp":"2026-03-12 08:29:15.867","type":"database"}
{"environment":"development","level":"info","message":"✓ Adatbázis szinkronizálva","service":"kanyr-backend","timestamp":"2026-03-12 08:29:15.869"}
{"environment":"development","level":"info","message":"✓ Adatbázis elérhető a route-ok számára","service":"kanyr-backend","timestamp":"2026-03-12 08:29:15.869"}
{"environment":"development","level":"info","message":"✓ CSRF protection middleware initialized","service":"kanyr-backend","timestamp":"2026-03-12 08:29:15.870"}
{"environment":"development","level":"info","message":"✓ Student route-ok inicializálva","service":"kanyr-backend","timestamp":"2026-03-12 08:29:17.559"}
{"environment":"development","level":"info","message":"✓ Room route-ok inicializálva","service":"kanyr-backend","timestamp":"2026-03-12 08:29:17.671"}
{"environment":"development","level":"info","message":"✓ Parent route-ok inicializálva","service":"kanyr-backend","timestamp":"2026-03-12 08:29:17.692"}
{"environment":"development","level":"info","message":"✓ Address route-ok inicializálva","service":"kanyr-backend","timestamp":"2026-03-12 08:29:17.719"}
{"environment":"development","level":"info","message":"✓ Auth route-ok inicializálva","service":"kanyr-backend","timestamp":"2026-03-12 08:29:17.723"}
{"environment":"development","level":"info","message":"✓ User route-ok inicializálva","service":"kanyr-backend","timestamp":"2026-03-12 08:29:17.778"}
{"environment":"development","level":"info","message":"✓ Room change route-ok inicializálva","service":"kanyr-backend","timestamp":"2026-03-12 08:29:17.795"}
{"environment":"development","error":"Cannot read properties of undefined (reading 'Op')","level":"error","message":"Error cleaning up expired tokens","service":"kanyr-backend","timestamp":"2026-03-12 08:29:17.810"}
{"environment":"development","level":"info","message":"✓ Token blacklist cleanup scheduler initialized","service":"kanyr-backend","timestamp":"2026-03-12 08:29:17.811"}
{"environment":"development","error":"Hiba a lejárt tokenek törlése közben: Cannot read properties of undefined (reading 'Op')","level":"error","message":"Error cleaning up expired tokens","service":"kanyr-backend","timestamp":"2026-03-12 08:29:17.812"}
{"environment":"development","error":"Hiba a lejárt tokenek törlése közben: Cannot read properties of undefined (reading 'Op')","level":"error","message":"Error during token cleanup","service":"kanyr-backend","timestamp":"2026-03-12 08:29:17.817"}
{"environment":"development","level":"info","message":"✓ Szerver fut a http://localhost:3000 címen","service":"kanyr-backend","timestamp":"2026-03-12 08:29:17.818"}
{"environment":"development","level":"info","message":"✓ Környezet: development","service":"kanyr-backend","timestamp":"2026-03-12 08:29:17.819"}
