{"environment":"development","level":"debug","message":"SQL Query","service":"kanyr-backend","sql":"Executing (default): SELECT 1+1 AS result","timestamp":"2026-03-16 09:13:31.765","type":"database"}
{"environment":"development","level":"info","message":"✓ Sikeres adatbázis kapcsolat létrehozva","service":"kanyr-backend","timestamp":"2026-03-16 09:13:31.772"}
{"environment":"development","level":"debug","message":"SQL Query","service":"kanyr-backend","sql":"Executing (default): SELECT name FROM sqlite_master WHERE type='table' AND name='lakcims';","timestamp":"2026-03-16 09:13:31.777","type":"database"}
{"environment":"development","level":"debug","message":"SQL Query","service":"kanyr-backend","sql":"Executing (default): PRAGMA INDEX_LIST(`lakcims`)","timestamp":"2026-03-16 09:13:31.779","type":"database"}
{"environment":"development","level":"debug","message":"SQL Query","service":"kanyr-backend","sql":"Executing (default): PRAGMA INDEX_INFO(`lakcims_iranyitoszam`)","timestamp":"2026-03-16 09:13:31.783","type":"database"}
{"environment":"development","level":"debug","message":"SQL Query","service":"kanyr-backend","sql":"Executing (default): PRAGMA INDEX_INFO(`lakcims_varos`)","timestamp":"2026-03-16 09:13:31.785","type":"database"}
{"environment":"development","level":"debug","message":"SQL Query","service":"kanyr-backend","sql":"Executing (default): SELECT name FROM sqlite_master WHERE type='table' AND name='szulos';","timestamp":"2026-03-16 09:13:31.787","type":"database"}
{"environment":"development","level":"debug","message":"SQL Query","service":"kanyr-backend","sql":"Executing (default): PRAGMA INDEX_LIST(`szulos`)","timestamp":"2026-03-16 09:13:31.788","type":"database"}
{"environment":"development","level":"debug","message":"SQL Query","service":"kanyr-backend","sql":"Executing (default): PRAGMA INDEX_INFO(`sqlite_autoindex_szulos_1`)","timestamp":"2026-03-16 09:13:31.790","type":"database"}
{"environment":"development","level":"debug","message":"SQL Query","service":"kanyr-backend","sql":"Executing (default): PRAGMA INDEX_INFO(`sqlite_autoindex_szulos_2`)","timestamp":"2026-03-16 09:13:31.791","type":"database"}
{"environment":"development","level":"debug","message":"SQL Query","service":"kanyr-backend","sql":"Executing (default): PRAGMA INDEX_INFO(`szulos_email`)","timestamp":"2026-03-16 09:13:31.792","type":"database"}
{"environment":"development","level":"debug","message":"SQL Query","service":"kanyr-backend","sql":"Executing (default): PRAGMA INDEX_INFO(`szulos_cim_id`)","timestamp":"2026-03-16 09:13:31.793","type":"database"}
{"environment":"development","level":"debug","message":"SQL Query","service":"kanyr-backend","sql":"Executing (default): PRAGMA INDEX_INFO(`szulos_szemelyi_igazolvany_szam`)","timestamp":"2026-03-16 09:13:31.793","type":"database"}
{"environment":"development","level":"debug","message":"SQL Query","service":"kanyr-backend","sql":"Executing (default): SELECT name FROM sqlite_master WHERE type='table' AND name='diaks';","timestamp":"2026-03-16 09:13:31.817","type":"database"}
{"environment":"development","level":"debug","message":"SQL Query","service":"kanyr-backend","sql":"Executing (default): PRAGMA INDEX_LIST(`diaks`)","timestamp":"2026-03-16 09:13:31.819","type":"database"}
{"environment":"development","level":"debug","message":"SQL Query","service":"kanyr-backend","sql":"Executing (default): PRAGMA INDEX_INFO(`sqlite_autoindex_diaks_1`)","timestamp":"2026-03-16 09:13:31.820","type":"database"}
{"environment":"development","level":"debug","message":"SQL Query","service":"kanyr-backend","sql":"Executing (default): PRAGMA INDEX_INFO(`sqlite_autoindex_diaks_2`)","timestamp":"2026-03-16 09:13:31.821","type":"database"}
{"environment":"development","level":"debug","message":"SQL Query","service":"kanyr-backend","sql":"Executing (default): PRAGMA INDEX_INFO(`sqlite_autoindex_diaks_3`)","timestamp":"2026-03-16 09:13:31.821","type":"database"}
{"environment":"development","level":"debug","message":"SQL Query","service":"kanyr-backend","sql":"Executing (default): PRAGMA INDEX_INFO(`sqlite_autoindex_diaks_4`)","timestamp":"2026-03-16 09:13:31.821","type":"database"}
{"environment":"development","level":"debug","message":"SQL Query","service":"kanyr-backend","sql":"Executing (default): PRAGMA INDEX_INFO(`diaks_email`)","timestamp":"2026-03-16 09:13:31.821","type":"database"}
{"environment":"development","level":"debug","message":"SQL Query","service":"kanyr-backend","sql":"Executing (default): PRAGMA INDEX_INFO(`diaks_szulo_id`)","timestamp":"2026-03-16 09:13:31.822","type":"database"}
{"environment":"development","level":"debug","message":"SQL Query","service":"kanyr-backend","sql":"Executing (default): PRAGMA INDEX_INFO(`diaks_cim_id`)","timestamp":"2026-03-16 09:13:31.822","type":"database"}
{"environment":"development","level":"debug","message":"SQL Query","service":"kanyr-backend","sql":"Executing (default): PRAGMA INDEX_INFO(`diaks_nev`)","timestamp":"2026-03-16 09:13:31.822","type":"database"}
{"environment":"development","level":"debug","message":"SQL Query","service":"kanyr-backend","sql":"Executing (default): PRAGMA INDEX_INFO(`diaks_szemelyi_igazolvany_szam`)","timestamp":"2026-03-16 09:13:31.823","type":"database"}
{"environment":"development","level":"debug","message":"SQL Query","service":"kanyr-backend","sql":"Executing (default): PRAGMA INDEX_INFO(`diaks_taj_szam`)","timestamp":"2026-03-16 09:13:31.824","type":"database"}
{"environment":"development","level":"debug","message":"SQL Query","service":"kanyr-backend","sql":"Executing (default): PRAGMA INDEX_INFO(`diaks_diakigazolvany_szam`)","timestamp":"2026-03-16 09:13:31.824","type":"database"}
{"environment":"development","level":"debug","message":"SQL Query","service":"kanyr-backend","sql":"Executing (default): SELECT name FROM sqlite_master WHERE type='table' AND name='felhasznalos';","timestamp":"2026-03-16 09:13:31.832","type":"database"}
{"environment":"development","level":"debug","message":"SQL Query","service":"kanyr-backend","sql":"Executing (default): PRAGMA INDEX_LIST(`felhasznalos`)","timestamp":"2026-03-16 09:13:31.834","type":"database"}
{"environment":"development","level":"debug","message":"SQL Query","service":"kanyr-backend","sql":"Executing (default): PRAGMA INDEX_INFO(`sqlite_autoindex_felhasznalos_1`)","timestamp":"2026-03-16 09:13:31.838","type":"database"}
{"environment":"development","level":"debug","message":"SQL Query","service":"kanyr-backend","sql":"Executing (default): PRAGMA INDEX_INFO(`sqlite_autoindex_felhasznalos_2`)","timestamp":"2026-03-16 09:13:31.840","type":"database"}
{"environment":"development","level":"debug","message":"SQL Query","service":"kanyr-backend","sql":"Executing (default): PRAGMA INDEX_INFO(`felhasznalos_email`)","timestamp":"2026-03-16 09:13:31.840","type":"database"}
{"environment":"development","level":"debug","message":"SQL Query","service":"kanyr-backend","sql":"Executing (default): PRAGMA INDEX_INFO(`felhasznalos_username`)","timestamp":"2026-03-16 09:13:31.840","type":"database"}
{"environment":"development","level":"debug","message":"SQL Query","service":"kanyr-backend","sql":"Executing (default): PRAGMA INDEX_INFO(`felhasznalos_diak_id`)","timestamp":"2026-03-16 09:13:31.841","type":"database"}
{"environment":"development","level":"debug","message":"SQL Query","service":"kanyr-backend","sql":"Executing (default): CREATE INDEX `felhasznalos_token_version` ON `felhasznalos` (`token_version`)","timestamp":"2026-03-16 09:13:31.849","type":"database"}
{"environment":"development","error":"SQLITE_ERROR: no such column: token_version","level":"error","message":"✗ Hiba a szerver indításakor","service":"kanyr-backend","stack":"Error\n    at Database.<anonymous> (c:\\Users\\SZ2\\Documents\\13.B\\Projektmunka\\KANYR\\node_modules\\sequelize\\lib\\dialects\\sqlite\\query.js:185:27)\n    at c:\\Users\\SZ2\\Documents\\13.B\\Projektmunka\\KANYR\\node_modules\\sequelize\\lib\\dialects\\sqlite\\query.js:183:50\n    at new Promise (<anonymous>)\n    at Query.run (c:\\Users\\SZ2\\Documents\\13.B\\Projektmunka\\KANYR\\node_modules\\sequelize\\lib\\dialects\\sqlite\\query.js:183:12)\n    at c:\\Users\\SZ2\\Documents\\13.B\\Projektmunka\\KANYR\\node_modules\\sequelize\\lib\\sequelize.js:315:28\n    at async SQLiteQueryInterface.addIndex (c:\\Users\\SZ2\\Documents\\13.B\\Projektmunka\\KANYR\\node_modules\\sequelize\\lib\\dialects\\abstract\\query-interface.js:250:12)\n    at async Felhasznalo.sync (c:\\Users\\SZ2\\Documents\\13.B\\Projektmunka\\KANYR\\node_modules\\sequelize\\lib\\model.js:999:7)\n    at async Sequelize.sync (c:\\Users\\SZ2\\Documents\\13.B\\Projektmunka\\KANYR\\node_modules\\sequelize\\lib\\sequelize.js:377:9)\n    at async startServer (c:\\Users\\SZ2\\Documents\\13.B\\Projektmunka\\KANYR\\backend\\app.js:215:5)","timestamp":"2026-03-16 09:13:31.853"}
{"environment":"development","level":"debug","message":"SQL Query","service":"kanyr-backend","sql":"Executing (default): SELECT 1+1 AS result","timestamp":"2026-03-16 09:15:24.023","type":"database"}
{"environment":"development","level":"debug","message":"SQL Query","service":"kanyr-backend","sql":"Executing (default): SELECT 1+1 AS result","timestamp":"2026-03-16 09:42:35.118","type":"database"}
{"environment":"development","level":"debug","message":"SQL Query","service":"kanyr-backend","sql":"Executing (default): CREATE TABLE IF NOT EXISTS SequelizeMeta (\n      name VARCHAR(255) PRIMARY KEY\n    )","timestamp":"2026-03-16 09:42:35.132","type":"database"}
{"environment":"development","level":"debug","message":"SQL Query","service":"kanyr-backend","sql":"Executing (default): SELECT name FROM SequelizeMeta ORDER BY name","timestamp":"2026-03-16 09:42:35.147","type":"database"}
{"environment":"development","level":"debug","message":"SQL Query","service":"kanyr-backend","sql":"Executing (9c5ce2d0-1210-4e46-9966-5dacd937a8b6): BEGIN DEFERRED TRANSACTION;","timestamp":"2026-03-16 09:42:35.152","type":"database"}
{"environment":"development","level":"debug","message":"SQL Query","service":"kanyr-backend","sql":"Executing (9c5ce2d0-1210-4e46-9966-5dacd937a8b6): CREATE INDEX `idx_diaks_email` ON `diaks` (`email`)","timestamp":"2026-03-16 09:42:35.155","type":"database"}
{"environment":"development","level":"debug","message":"SQL Query","service":"kanyr-backend","sql":"Executing (9c5ce2d0-1210-4e46-9966-5dacd937a8b6): CREATE INDEX `idx_diaks_szulo_id` ON `diaks` (`szulo_id`)","timestamp":"2026-03-16 09:42:35.160","type":"database"}
{"environment":"development","level":"debug","message":"SQL Query","service":"kanyr-backend","sql":"Executing (9c5ce2d0-1210-4e46-9966-5dacd937a8b6): CREATE INDEX `idx_szobas_szoba_szama` ON `szobas` (`szoba_szama`)","timestamp":"2026-03-16 09:42:35.162","type":"database"}
{"environment":"development","level":"debug","message":"SQL Query","service":"kanyr-backend","sql":"Executing (9c5ce2d0-1210-4e46-9966-5dacd937a8b6): CREATE INDEX `idx_szoba_bekoltozes_diak_kikoltozes` ON `szoba_bekoltozes` (`diak_id`, `kikoltozes_datum`)","timestamp":"2026-03-16 09:42:35.163","type":"database"}
{"environment":"development","level":"debug","message":"SQL Query","service":"kanyr-backend","sql":"Executing (9c5ce2d0-1210-4e46-9966-5dacd937a8b6): COMMIT;","timestamp":"2026-03-16 09:42:35.165","type":"database"}
{"environment":"development","level":"debug","message":"SQL Query","service":"kanyr-backend","sql":"Executing (default): INSERT INTO SequelizeMeta (name) VALUES ('20250312124000-add-database-indexes.js')","timestamp":"2026-03-16 09:42:35.182","type":"database"}
{"environment":"development","level":"debug","message":"SQL Query","service":"kanyr-backend","sql":"Executing (7d666bc0-f795-40ee-9300-c8420fe85bd8): BEGIN DEFERRED TRANSACTION;","timestamp":"2026-03-16 09:42:35.197","type":"database"}
{"environment":"development","level":"debug","message":"SQL Query","service":"kanyr-backend","sql":"Executing (7d666bc0-f795-40ee-9300-c8420fe85bd8): COMMIT;","timestamp":"2026-03-16 09:42:35.198","type":"database"}
{"environment":"development","level":"debug","message":"SQL Query","service":"kanyr-backend","sql":"Executing (default): INSERT INTO SequelizeMeta (name) VALUES ('20250316120000-add-foreign-key-constraints.js')","timestamp":"2026-03-16 09:42:35.199","type":"database"}
{"environment":"development","level":"debug","message":"SQL Query","service":"kanyr-backend","sql":"Executing (a90438f0-4f65-40a4-bcd4-f850e9c8721b): BEGIN DEFERRED TRANSACTION;","timestamp":"2026-03-16 09:42:35.213","type":"database"}
{"environment":"development","level":"debug","message":"SQL Query","service":"kanyr-backend","sql":"Executing (a90438f0-4f65-40a4-bcd4-f850e9c8721b): ALTER TABLE `diaks` ADD `deleted_at` DATETIME DEFAULT NULL;","timestamp":"2026-03-16 09:42:35.216","type":"database"}
{"environment":"development","level":"debug","message":"SQL Query","service":"kanyr-backend","sql":"Executing (a90438f0-4f65-40a4-bcd4-f850e9c8721b): ALTER TABLE `szulos` ADD `deleted_at` DATETIME DEFAULT NULL;","timestamp":"2026-03-16 09:42:35.220","type":"database"}
{"environment":"development","level":"debug","message":"SQL Query","service":"kanyr-backend","sql":"Executing (a90438f0-4f65-40a4-bcd4-f850e9c8721b): ALTER TABLE `lakcims` ADD `deleted_at` DATETIME DEFAULT NULL;","timestamp":"2026-03-16 09:42:35.221","type":"database"}
{"environment":"development","level":"debug","message":"SQL Query","service":"kanyr-backend","sql":"Executing (a90438f0-4f65-40a4-bcd4-f850e9c8721b): ALTER TABLE `szobas` ADD `deleted_at` DATETIME DEFAULT NULL;","timestamp":"2026-03-16 09:42:35.223","type":"database"}
{"environment":"development","level":"debug","message":"SQL Query","service":"kanyr-backend","sql":"Executing (a90438f0-4f65-40a4-bcd4-f850e9c8721b): ALTER TABLE `szoba_bekoltozes` ADD `deleted_at` DATETIME DEFAULT NULL;","timestamp":"2026-03-16 09:42:35.226","type":"database"}
{"environment":"development","level":"debug","message":"SQL Query","service":"kanyr-backend","sql":"Executing (a90438f0-4f65-40a4-bcd4-f850e9c8721b): ALTER TABLE `szobavaltoztatas` ADD `deleted_at` DATETIME DEFAULT NULL;","timestamp":"2026-03-16 09:42:35.228","type":"database"}
{"environment":"development","level":"debug","message":"SQL Query","service":"kanyr-backend","sql":"Executing (a90438f0-4f65-40a4-bcd4-f850e9c8721b): ALTER TABLE `notifications` ADD `deleted_at` DATETIME DEFAULT NULL;","timestamp":"2026-03-16 09:42:35.230","type":"database"}
{"environment":"development","level":"debug","message":"SQL Query","service":"kanyr-backend","sql":"Executing (a90438f0-4f65-40a4-bcd4-f850e9c8721b): ALTER TABLE `felhasznalos` ADD `deleted_at` DATETIME DEFAULT NULL;","timestamp":"2026-03-16 09:42:35.231","type":"database"}
{"environment":"development","level":"debug","message":"SQL Query","service":"kanyr-backend","sql":"Executing (a90438f0-4f65-40a4-bcd4-f850e9c8721b): CREATE INDEX `idx_diaks_deleted_at` ON `diaks` (`deleted_at`)","timestamp":"2026-03-16 09:42:35.232","type":"database"}
{"environment":"development","level":"debug","message":"SQL Query","service":"kanyr-backend","sql":"Executing (a90438f0-4f65-40a4-bcd4-f850e9c8721b): CREATE INDEX `idx_szulos_deleted_at` ON `szulos` (`deleted_at`)","timestamp":"2026-03-16 09:42:35.233","type":"database"}
{"environment":"development","level":"debug","message":"SQL Query","service":"kanyr-backend","sql":"Executing (a90438f0-4f65-40a4-bcd4-f850e9c8721b): CREATE INDEX `idx_lakcims_deleted_at` ON `lakcims` (`deleted_at`)","timestamp":"2026-03-16 09:42:35.234","type":"database"}
{"environment":"development","level":"debug","message":"SQL Query","service":"kanyr-backend","sql":"Executing (a90438f0-4f65-40a4-bcd4-f850e9c8721b): CREATE INDEX `idx_szobas_deleted_at` ON `szobas` (`deleted_at`)","timestamp":"2026-03-16 09:42:35.236","type":"database"}
{"environment":"development","level":"debug","message":"SQL Query","service":"kanyr-backend","sql":"Executing (a90438f0-4f65-40a4-bcd4-f850e9c8721b): CREATE INDEX `idx_szoba_bekoltozes_deleted_at` ON `szoba_bekoltozes` (`deleted_at`)","timestamp":"2026-03-16 09:42:35.237","type":"database"}
{"environment":"development","level":"debug","message":"SQL Query","service":"kanyr-backend","sql":"Executing (a90438f0-4f65-40a4-bcd4-f850e9c8721b): CREATE INDEX `idx_szobavaltoztatas_deleted_at` ON `szobavaltoztatas` (`deleted_at`)","timestamp":"2026-03-16 09:42:35.238","type":"database"}
{"environment":"development","level":"debug","message":"SQL Query","service":"kanyr-backend","sql":"Executing (a90438f0-4f65-40a4-bcd4-f850e9c8721b): CREATE INDEX `idx_notifications_deleted_at` ON `notifications` (`deleted_at`)","timestamp":"2026-03-16 09:42:35.244","type":"database"}
{"environment":"development","level":"debug","message":"SQL Query","service":"kanyr-backend","sql":"Executing (a90438f0-4f65-40a4-bcd4-f850e9c8721b): CREATE INDEX `idx_felhasznalos_deleted_at` ON `felhasznalos` (`deleted_at`)","timestamp":"2026-03-16 09:42:35.250","type":"database"}
{"environment":"development","level":"debug","message":"SQL Query","service":"kanyr-backend","sql":"Executing (a90438f0-4f65-40a4-bcd4-f850e9c8721b): COMMIT;","timestamp":"2026-03-16 09:42:35.255","type":"database"}
{"environment":"development","level":"debug","message":"SQL Query","service":"kanyr-backend","sql":"Executing (default): INSERT INTO SequelizeMeta (name) VALUES ('20250316120100-add-soft-delete-columns.js')","timestamp":"2026-03-16 09:42:35.270","type":"database"}
{"environment":"development","level":"debug","message":"SQL Query","service":"kanyr-backend","sql":"Executing (48192849-3ce1-4d8a-ad26-43a94e096a96): BEGIN DEFERRED TRANSACTION;","timestamp":"2026-03-16 09:42:35.284","type":"database"}
{"environment":"development","level":"debug","message":"SQL Query","service":"kanyr-backend","sql":"Executing (48192849-3ce1-4d8a-ad26-43a94e096a96): CREATE TABLE IF NOT EXISTS `audit_logs` (`audit_id` INTEGER PRIMARY KEY AUTOINCREMENT, `table_name` VARCHAR(100) NOT NULL, `record_id` INTEGER NOT NULL, `operation` TEXT NOT NULL, `user_id` INTEGER, `user_email` VARCHAR(100), `ip_address` VARCHAR(45), `user_agent` TEXT, `old_values` JSON, `new_values` JSON, `changes` JSON, `created_at` DATETIME NOT NULL DEFAULT CURRENT_TIMESTAMP);","timestamp":"2026-03-16 09:42:35.288","type":"database"}
{"environment":"development","level":"debug","message":"SQL Query","service":"kanyr-backend","sql":"Executing (48192849-3ce1-4d8a-ad26-43a94e096a96): CREATE INDEX `idx_audit_logs_table_name` ON `audit_logs` (`table_name`)","timestamp":"2026-03-16 09:42:35.291","type":"database"}
{"environment":"development","level":"debug","message":"SQL Query","service":"kanyr-backend","sql":"Executing (48192849-3ce1-4d8a-ad26-43a94e096a96): CREATE INDEX `idx_audit_logs_record_id` ON `audit_logs` (`record_id`)","timestamp":"2026-03-16 09:42:35.311","type":"database"}
{"environment":"development","level":"debug","message":"SQL Query","service":"kanyr-backend","sql":"Executing (48192849-3ce1-4d8a-ad26-43a94e096a96): CREATE INDEX `idx_audit_logs_operation` ON `audit_logs` (`operation`)","timestamp":"2026-03-16 09:42:35.315","type":"database"}
{"environment":"development","level":"debug","message":"SQL Query","service":"kanyr-backend","sql":"Executing (48192849-3ce1-4d8a-ad26-43a94e096a96): CREATE INDEX `idx_audit_logs_user_id` ON `audit_logs` (`user_id`)","timestamp":"2026-03-16 09:42:35.316","type":"database"}
{"environment":"development","level":"debug","message":"SQL Query","service":"kanyr-backend","sql":"Executing (48192849-3ce1-4d8a-ad26-43a94e096a96): CREATE INDEX `idx_audit_logs_created_at` ON `audit_logs` (`created_at`)","timestamp":"2026-03-16 09:42:35.319","type":"database"}
{"environment":"development","level":"debug","message":"SQL Query","service":"kanyr-backend","sql":"Executing (48192849-3ce1-4d8a-ad26-43a94e096a96): CREATE INDEX `idx_audit_logs_table_operation` ON `audit_logs` (`table_name`, `operation`)","timestamp":"2026-03-16 09:42:35.330","type":"database"}
{"environment":"development","level":"debug","message":"SQL Query","service":"kanyr-backend","sql":"Executing (48192849-3ce1-4d8a-ad26-43a94e096a96): CREATE INDEX `idx_audit_logs_user_created` ON `audit_logs` (`user_id`, `created_at`)","timestamp":"2026-03-16 09:42:35.360","type":"database"}
{"environment":"development","level":"debug","message":"SQL Query","service":"kanyr-backend","sql":"Executing (48192849-3ce1-4d8a-ad26-43a94e096a96): COMMIT;","timestamp":"2026-03-16 09:42:35.370","type":"database"}
{"environment":"development","level":"debug","message":"SQL Query","service":"kanyr-backend","sql":"Executing (default): INSERT INTO SequelizeMeta (name) VALUES ('20250316120200-create-audit-logs-table.js')","timestamp":"2026-03-16 09:42:35.378","type":"database"}
{"environment":"development","level":"debug","message":"SQL Query","service":"kanyr-backend","sql":"Executing (default): SELECT 1+1 AS result","timestamp":"2026-03-16 09:44:40.619","type":"database"}
{"environment":"development","level":"debug","message":"SQL Query","service":"kanyr-backend","sql":"Executing (default): SELECT name FROM `sqlite_master` WHERE type='table' and name!='sqlite_sequence';","timestamp":"2026-03-16 09:44:40.629","type":"database"}
{"environment":"development","level":"debug","message":"SQL Query","service":"kanyr-backend","sql":"Executing (default): PRAGMA TABLE_INFO(`diaks`);","timestamp":"2026-03-16 09:44:40.631","type":"database"}
{"environment":"development","level":"debug","message":"SQL Query","service":"kanyr-backend","sql":"Executing (default): PRAGMA INDEX_LIST(`diaks`)","timestamp":"2026-03-16 09:44:40.632","type":"database"}
{"environment":"development","level":"debug","message":"SQL Query","service":"kanyr-backend","sql":"Executing (default): PRAGMA INDEX_INFO(`sqlite_autoindex_diaks_1`)","timestamp":"2026-03-16 09:44:40.633","type":"database"}
{"environment":"development","level":"debug","message":"SQL Query","service":"kanyr-backend","sql":"Executing (default): PRAGMA INDEX_INFO(`sqlite_autoindex_diaks_2`)","timestamp":"2026-03-16 09:44:40.634","type":"database"}
{"environment":"development","level":"debug","message":"SQL Query","service":"kanyr-backend","sql":"Executing (default): PRAGMA INDEX_INFO(`sqlite_autoindex_diaks_3`)","timestamp":"2026-03-16 09:44:40.634","type":"database"}
{"environment":"development","level":"debug","message":"SQL Query","service":"kanyr-backend","sql":"Executing (default): PRAGMA INDEX_INFO(`sqlite_autoindex_diaks_4`)","timestamp":"2026-03-16 09:44:40.635","type":"database"}
{"environment":"development","level":"debug","message":"SQL Query","service":"kanyr-backend","sql":"Executing (default): PRAGMA INDEX_INFO(`diaks_email`)","timestamp":"2026-03-16 09:44:40.635","type":"database"}
{"environment":"development","level":"debug","message":"SQL Query","service":"kanyr-backend","sql":"Executing (default): PRAGMA INDEX_INFO(`diaks_szulo_id`)","timestamp":"2026-03-16 09:44:40.636","type":"database"}
{"environment":"development","level":"debug","message":"SQL Query","service":"kanyr-backend","sql":"Executing (default): PRAGMA INDEX_INFO(`diaks_cim_id`)","timestamp":"2026-03-16 09:44:40.636","type":"database"}
{"environment":"development","level":"debug","message":"SQL Query","service":"kanyr-backend","sql":"Executing (default): PRAGMA INDEX_INFO(`diaks_nev`)","timestamp":"2026-03-16 09:44:40.636","type":"database"}
{"environment":"development","level":"debug","message":"SQL Query","service":"kanyr-backend","sql":"Executing (default): PRAGMA INDEX_INFO(`diaks_szemelyi_igazolvany_szam`)","timestamp":"2026-03-16 09:44:40.637","type":"database"}
{"environment":"development","level":"debug","message":"SQL Query","service":"kanyr-backend","sql":"Executing (default): PRAGMA INDEX_INFO(`diaks_taj_szam`)","timestamp":"2026-03-16 09:44:40.637","type":"database"}
{"environment":"development","level":"debug","message":"SQL Query","service":"kanyr-backend","sql":"Executing (default): PRAGMA INDEX_INFO(`diaks_diakigazolvany_szam`)","timestamp":"2026-03-16 09:44:40.637","type":"database"}
{"environment":"development","level":"debug","message":"SQL Query","service":"kanyr-backend","sql":"Executing (default): PRAGMA INDEX_INFO(`idx_diaks_email`)","timestamp":"2026-03-16 09:44:40.637","type":"database"}
{"environment":"development","level":"debug","message":"SQL Query","service":"kanyr-backend","sql":"Executing (default): PRAGMA INDEX_INFO(`idx_diaks_szulo_id`)","timestamp":"2026-03-16 09:44:40.638","type":"database"}
{"environment":"development","level":"debug","message":"SQL Query","service":"kanyr-backend","sql":"Executing (default): PRAGMA INDEX_INFO(`idx_diaks_deleted_at`)","timestamp":"2026-03-16 09:44:40.638","type":"database"}
{"environment":"development","level":"debug","message":"SQL Query","service":"kanyr-backend","sql":"Executing (default): PRAGMA foreign_key_list(`diaks`)","timestamp":"2026-03-16 09:44:40.645","type":"database"}
{"environment":"development","level":"debug","message":"SQL Query","service":"kanyr-backend","sql":"Executing (default): SELECT 1+1 AS result","timestamp":"2026-03-16 09:45:43.529","type":"database"}
{"environment":"development","level":"debug","message":"SQL Query","service":"kanyr-backend","sql":"Executing (default): SELECT name FROM `sqlite_master` WHERE type='table' and name!='sqlite_sequence';","timestamp":"2026-03-16 09:45:43.544","type":"database"}
{"environment":"development","level":"debug","message":"SQL Query","service":"kanyr-backend","sql":"Executing (default): PRAGMA TABLE_INFO(`diaks`);","timestamp":"2026-03-16 09:45:43.547","type":"database"}
{"environment":"development","level":"debug","message":"SQL Query","service":"kanyr-backend","sql":"Executing (default): PRAGMA INDEX_LIST(`diaks`)","timestamp":"2026-03-16 09:45:43.548","type":"database"}
{"environment":"development","level":"debug","message":"SQL Query","service":"kanyr-backend","sql":"Executing (default): PRAGMA INDEX_INFO(`sqlite_autoindex_diaks_1`)","timestamp":"2026-03-16 09:45:43.549","type":"database"}
{"environment":"development","level":"debug","message":"SQL Query","service":"kanyr-backend","sql":"Executing (default): PRAGMA INDEX_INFO(`sqlite_autoindex_diaks_2`)","timestamp":"2026-03-16 09:45:43.549","type":"database"}
{"environment":"development","level":"debug","message":"SQL Query","service":"kanyr-backend","sql":"Executing (default): PRAGMA INDEX_INFO(`sqlite_autoindex_diaks_3`)","timestamp":"2026-03-16 09:45:43.550","type":"database"}
{"environment":"development","level":"debug","message":"SQL Query","service":"kanyr-backend","sql":"Executing (default): PRAGMA INDEX_INFO(`sqlite_autoindex_diaks_4`)","timestamp":"2026-03-16 09:45:43.550","type":"database"}
{"environment":"development","level":"debug","message":"SQL Query","service":"kanyr-backend","sql":"Executing (default): PRAGMA INDEX_INFO(`diaks_email`)","timestamp":"2026-03-16 09:45:43.551","type":"database"}
{"environment":"development","level":"debug","message":"SQL Query","service":"kanyr-backend","sql":"Executing (default): PRAGMA INDEX_INFO(`diaks_szulo_id`)","timestamp":"2026-03-16 09:45:43.551","type":"database"}
{"environment":"development","level":"debug","message":"SQL Query","service":"kanyr-backend","sql":"Executing (default): PRAGMA INDEX_INFO(`diaks_cim_id`)","timestamp":"2026-03-16 09:45:43.552","type":"database"}
{"environment":"development","level":"debug","message":"SQL Query","service":"kanyr-backend","sql":"Executing (default): PRAGMA INDEX_INFO(`diaks_nev`)","timestamp":"2026-03-16 09:45:43.552","type":"database"}
{"environment":"development","level":"debug","message":"SQL Query","service":"kanyr-backend","sql":"Executing (default): PRAGMA INDEX_INFO(`diaks_szemelyi_igazolvany_szam`)","timestamp":"2026-03-16 09:45:43.552","type":"database"}
{"environment":"development","level":"debug","message":"SQL Query","service":"kanyr-backend","sql":"Executing (default): PRAGMA INDEX_INFO(`diaks_taj_szam`)","timestamp":"2026-03-16 09:45:43.552","type":"database"}
{"environment":"development","level":"debug","message":"SQL Query","service":"kanyr-backend","sql":"Executing (default): PRAGMA INDEX_INFO(`diaks_diakigazolvany_szam`)","timestamp":"2026-03-16 09:45:43.552","type":"database"}
{"environment":"development","level":"debug","message":"SQL Query","service":"kanyr-backend","sql":"Executing (default): PRAGMA INDEX_INFO(`idx_diaks_email`)","timestamp":"2026-03-16 09:45:43.553","type":"database"}
{"environment":"development","level":"debug","message":"SQL Query","service":"kanyr-backend","sql":"Executing (default): PRAGMA INDEX_INFO(`idx_diaks_szulo_id`)","timestamp":"2026-03-16 09:45:43.553","type":"database"}
{"environment":"development","level":"debug","message":"SQL Query","service":"kanyr-backend","sql":"Executing (default): PRAGMA INDEX_INFO(`idx_diaks_deleted_at`)","timestamp":"2026-03-16 09:45:43.553","type":"database"}
{"environment":"development","level":"debug","message":"SQL Query","service":"kanyr-backend","sql":"Executing (default): PRAGMA foreign_key_list(`diaks`)","timestamp":"2026-03-16 09:45:43.560","type":"database"}
{"environment":"development","level":"debug","message":"SQL Query","service":"kanyr-backend","sql":"Executing (default): SELECT 1+1 AS result","timestamp":"2026-03-16 09:48:30.875","type":"database"}
{"environment":"development","level":"debug","message":"SQL Query","service":"kanyr-backend","sql":"Executing (default): SELECT name FROM `sqlite_master` WHERE type='table' and name!='sqlite_sequence';","timestamp":"2026-03-16 09:48:30.887","type":"database"}
{"environment":"development","level":"debug","message":"SQL Query","service":"kanyr-backend","sql":"Executing (default): PRAGMA TABLE_INFO(`diaks`);","timestamp":"2026-03-16 09:48:30.889","type":"database"}
{"environment":"development","level":"debug","message":"SQL Query","service":"kanyr-backend","sql":"Executing (default): PRAGMA INDEX_LIST(`diaks`)","timestamp":"2026-03-16 09:48:30.890","type":"database"}
{"environment":"development","level":"debug","message":"SQL Query","service":"kanyr-backend","sql":"Executing (default): PRAGMA INDEX_INFO(`sqlite_autoindex_diaks_1`)","timestamp":"2026-03-16 09:48:30.891","type":"database"}
{"environment":"development","level":"debug","message":"SQL Query","service":"kanyr-backend","sql":"Executing (default): PRAGMA INDEX_INFO(`sqlite_autoindex_diaks_2`)","timestamp":"2026-03-16 09:48:30.892","type":"database"}
{"environment":"development","level":"debug","message":"SQL Query","service":"kanyr-backend","sql":"Executing (default): PRAGMA INDEX_INFO(`sqlite_autoindex_diaks_3`)","timestamp":"2026-03-16 09:48:30.892","type":"database"}
{"environment":"development","level":"debug","message":"SQL Query","service":"kanyr-backend","sql":"Executing (default): PRAGMA INDEX_INFO(`sqlite_autoindex_diaks_4`)","timestamp":"2026-03-16 09:48:30.893","type":"database"}
{"environment":"development","level":"debug","message":"SQL Query","service":"kanyr-backend","sql":"Executing (default): PRAGMA INDEX_INFO(`diaks_email`)","timestamp":"2026-03-16 09:48:30.893","type":"database"}
{"environment":"development","level":"debug","message":"SQL Query","service":"kanyr-backend","sql":"Executing (default): PRAGMA INDEX_INFO(`diaks_szulo_id`)","timestamp":"2026-03-16 09:48:30.894","type":"database"}
{"environment":"development","level":"debug","message":"SQL Query","service":"kanyr-backend","sql":"Executing (default): PRAGMA INDEX_INFO(`diaks_cim_id`)","timestamp":"2026-03-16 09:48:30.894","type":"database"}
{"environment":"development","level":"debug","message":"SQL Query","service":"kanyr-backend","sql":"Executing (default): PRAGMA INDEX_INFO(`diaks_nev`)","timestamp":"2026-03-16 09:48:30.894","type":"database"}
{"environment":"development","level":"debug","message":"SQL Query","service":"kanyr-backend","sql":"Executing (default): PRAGMA INDEX_INFO(`diaks_szemelyi_igazolvany_szam`)","timestamp":"2026-03-16 09:48:30.895","type":"database"}
{"environment":"development","level":"debug","message":"SQL Query","service":"kanyr-backend","sql":"Executing (default): PRAGMA INDEX_INFO(`diaks_taj_szam`)","timestamp":"2026-03-16 09:48:30.895","type":"database"}
{"environment":"development","level":"debug","message":"SQL Query","service":"kanyr-backend","sql":"Executing (default): PRAGMA INDEX_INFO(`diaks_diakigazolvany_szam`)","timestamp":"2026-03-16 09:48:30.895","type":"database"}
{"environment":"development","level":"debug","message":"SQL Query","service":"kanyr-backend","sql":"Executing (default): PRAGMA INDEX_INFO(`idx_diaks_email`)","timestamp":"2026-03-16 09:48:30.895","type":"database"}
{"environment":"development","level":"debug","message":"SQL Query","service":"kanyr-backend","sql":"Executing (default): PRAGMA INDEX_INFO(`idx_diaks_szulo_id`)","timestamp":"2026-03-16 09:48:30.895","type":"database"}
{"environment":"development","level":"debug","message":"SQL Query","service":"kanyr-backend","sql":"Executing (default): PRAGMA INDEX_INFO(`idx_diaks_deleted_at`)","timestamp":"2026-03-16 09:48:30.895","type":"database"}
{"environment":"development","level":"debug","message":"SQL Query","service":"kanyr-backend","sql":"Executing (default): PRAGMA foreign_key_list(`diaks`)","timestamp":"2026-03-16 09:48:30.901","type":"database"}
{"environment":"development","level":"debug","message":"SQL Query","service":"kanyr-backend","sql":"Executing (default): INSERT INTO `diaks` (`diak_id`,`nev`,`email`,`telefonszam`,`szuletesi_datum`,`szemelyi_igazolvany_szam`,`taj_szam`,`diakigazolvany_szam`,`kapcsolat_tipusa`,`nem`,`deleted_at`,`created_at`,`updated_at`) VALUES (NULL,$1,$2,$3,$4,$5,$6,$7,$8,$9,$10,$11,$12);","timestamp":"2026-03-16 09:48:30.921","type":"database"}
{"environment":"development","level":"debug","message":"SQL Query","service":"kanyr-backend","sql":"Executing (default): SELECT `diak_id`, `nev`, `email`, `telefonszam`, `szuletesi_datum`, `szemelyi_igazolvany_szam`, `taj_szam`, `diakigazolvany_szam`, `szulo_id`, `kapcsolat_tipusa`, `cim_id`, `nem`, `deleted_at`, `created_at`, `updated_at` FROM `diaks` AS `Diak` WHERE (`Diak`.`deleted_at` IS NULL AND `Diak`.`diak_id` = 7);","timestamp":"2026-03-16 09:48:30.939","type":"database"}
{"environment":"development","level":"debug","message":"SQL Query","service":"kanyr-backend","sql":"Executing (default): UPDATE `diaks` SET `deleted_at`=$1,`updated_at`=$2 WHERE (`deleted_at` IS NULL AND `diak_id` = $3)","timestamp":"2026-03-16 09:48:30.945","type":"database"}
{"environment":"development","id":7,"level":"info","message":"Record soft deleted successfully","model":"Diak","service":"kanyr-backend","timestamp":"2026-03-16 09:48:30.954"}
{"environment":"development","level":"debug","message":"SQL Query","service":"kanyr-backend","sql":"Executing (default): SELECT `diak_id`, `nev`, `email`, `telefonszam`, `szuletesi_datum`, `szemelyi_igazolvany_szam`, `taj_szam`, `diakigazolvany_szam`, `szulo_id`, `kapcsolat_tipusa`, `cim_id`, `nem`, `deleted_at`, `created_at`, `updated_at` FROM `diaks` AS `Diak` WHERE (`Diak`.`deleted_at` IS NULL AND `Diak`.`diak_id` = 7);","timestamp":"2026-03-16 09:48:30.956","type":"database"}
{"environment":"development","level":"debug","message":"SQL Query","service":"kanyr-backend","sql":"Executing (default): SELECT `diak_id`, `nev`, `email`, `telefonszam`, `szuletesi_datum`, `szemelyi_igazolvany_szam`, `taj_szam`, `diakigazolvany_szam`, `szulo_id`, `kapcsolat_tipusa`, `cim_id`, `nem`, `deleted_at`, `created_at`, `updated_at` FROM `diaks` AS `Diak` WHERE `Diak`.`diak_id` = 7;","timestamp":"2026-03-16 09:48:30.958","type":"database"}
{"environment":"development","level":"debug","message":"SQL Query","service":"kanyr-backend","sql":"Executing (default): UPDATE `diaks` SET `deleted_at`=$1,`updated_at`=$2 WHERE (`deleted_at` IS NULL AND `diak_id` = $3)","timestamp":"2026-03-16 09:48:30.961","type":"database"}
{"environment":"development","error":"Failed to restore record: Diak with ID 7","id":7,"level":"error","message":"Restore operation failed","model":"Diak","service":"kanyr-backend","timestamp":"2026-03-16 09:48:30.962"}
{"environment":"development","level":"debug","message":"SQL Query","service":"kanyr-backend","sql":"Executing (default): SELECT 1+1 AS result","timestamp":"2026-03-16 09:50:00.174","type":"database"}
{"environment":"development","level":"debug","message":"SQL Query","service":"kanyr-backend","sql":"Executing (default): SELECT name FROM `sqlite_master` WHERE type='table' and name!='sqlite_sequence';","timestamp":"2026-03-16 09:50:00.184","type":"database"}
{"environment":"development","level":"debug","message":"SQL Query","service":"kanyr-backend","sql":"Executing (default): PRAGMA TABLE_INFO(`diaks`);","timestamp":"2026-03-16 09:50:00.187","type":"database"}
{"environment":"development","level":"debug","message":"SQL Query","service":"kanyr-backend","sql":"Executing (default): PRAGMA INDEX_LIST(`diaks`)","timestamp":"2026-03-16 09:50:00.188","type":"database"}
{"environment":"development","level":"debug","message":"SQL Query","service":"kanyr-backend","sql":"Executing (default): PRAGMA INDEX_INFO(`sqlite_autoindex_diaks_1`)","timestamp":"2026-03-16 09:50:00.190","type":"database"}
{"environment":"development","level":"debug","message":"SQL Query","service":"kanyr-backend","sql":"Executing (default): PRAGMA INDEX_INFO(`sqlite_autoindex_diaks_2`)","timestamp":"2026-03-16 09:50:00.191","type":"database"}
{"environment":"development","level":"debug","message":"SQL Query","service":"kanyr-backend","sql":"Executing (default): PRAGMA INDEX_INFO(`sqlite_autoindex_diaks_3`)","timestamp":"2026-03-16 09:50:00.191","type":"database"}
{"environment":"development","level":"debug","message":"SQL Query","service":"kanyr-backend","sql":"Executing (default): PRAGMA INDEX_INFO(`sqlite_autoindex_diaks_4`)","timestamp":"2026-03-16 09:50:00.192","type":"database"}
{"environment":"development","level":"debug","message":"SQL Query","service":"kanyr-backend","sql":"Executing (default): PRAGMA INDEX_INFO(`diaks_email`)","timestamp":"2026-03-16 09:50:00.193","type":"database"}
{"environment":"development","level":"debug","message":"SQL Query","service":"kanyr-backend","sql":"Executing (default): PRAGMA INDEX_INFO(`diaks_szulo_id`)","timestamp":"2026-03-16 09:50:00.194","type":"database"}
{"environment":"development","level":"debug","message":"SQL Query","service":"kanyr-backend","sql":"Executing (default): PRAGMA INDEX_INFO(`diaks_cim_id`)","timestamp":"2026-03-16 09:50:00.194","type":"database"}
{"environment":"development","level":"debug","message":"SQL Query","service":"kanyr-backend","sql":"Executing (default): PRAGMA INDEX_INFO(`diaks_nev`)","timestamp":"2026-03-16 09:50:00.195","type":"database"}
{"environment":"development","level":"debug","message":"SQL Query","service":"kanyr-backend","sql":"Executing (default): PRAGMA INDEX_INFO(`diaks_szemelyi_igazolvany_szam`)","timestamp":"2026-03-16 09:50:00.195","type":"database"}
{"environment":"development","level":"debug","message":"SQL Query","service":"kanyr-backend","sql":"Executing (default): PRAGMA INDEX_INFO(`diaks_taj_szam`)","timestamp":"2026-03-16 09:50:00.195","type":"database"}
{"environment":"development","level":"debug","message":"SQL Query","service":"kanyr-backend","sql":"Executing (default): PRAGMA INDEX_INFO(`diaks_diakigazolvany_szam`)","timestamp":"2026-03-16 09:50:00.196","type":"database"}
{"environment":"development","level":"debug","message":"SQL Query","service":"kanyr-backend","sql":"Executing (default): PRAGMA INDEX_INFO(`idx_diaks_email`)","timestamp":"2026-03-16 09:50:00.196","type":"database"}
{"environment":"development","level":"debug","message":"SQL Query","service":"kanyr-backend","sql":"Executing (default): PRAGMA INDEX_INFO(`idx_diaks_szulo_id`)","timestamp":"2026-03-16 09:50:00.196","type":"database"}
{"environment":"development","level":"debug","message":"SQL Query","service":"kanyr-backend","sql":"Executing (default): PRAGMA INDEX_INFO(`idx_diaks_deleted_at`)","timestamp":"2026-03-16 09:50:00.196","type":"database"}
{"environment":"development","level":"debug","message":"SQL Query","service":"kanyr-backend","sql":"Executing (default): PRAGMA foreign_key_list(`diaks`)","timestamp":"2026-03-16 09:50:00.203","type":"database"}
{"environment":"development","level":"debug","message":"SQL Query","service":"kanyr-backend","sql":"Executing (default): INSERT INTO `diaks` (`diak_id`,`nev`,`email`,`telefonszam`,`szuletesi_datum`,`szemelyi_igazolvany_szam`,`taj_szam`,`diakigazolvany_szam`,`kapcsolat_tipusa`,`nem`,`deleted_at`,`created_at`,`updated_at`) VALUES (NULL,$1,$2,$3,$4,$5,$6,$7,$8,$9,$10,$11,$12);","timestamp":"2026-03-16 09:50:00.226","type":"database"}
{"environment":"development","level":"debug","message":"SQL Query","service":"kanyr-backend","sql":"Executing (default): SELECT 1+1 AS result","timestamp":"2026-03-16 09:51:03.837","type":"database"}
{"environment":"development","level":"debug","message":"SQL Query","service":"kanyr-backend","sql":"Executing (default): SELECT name FROM `sqlite_master` WHERE type='table' and name!='sqlite_sequence';","timestamp":"2026-03-16 09:51:03.846","type":"database"}
{"environment":"development","level":"debug","message":"SQL Query","service":"kanyr-backend","sql":"Executing (default): PRAGMA TABLE_INFO(`diaks`);","timestamp":"2026-03-16 09:51:03.848","type":"database"}
{"environment":"development","level":"debug","message":"SQL Query","service":"kanyr-backend","sql":"Executing (default): PRAGMA INDEX_LIST(`diaks`)","timestamp":"2026-03-16 09:51:03.850","type":"database"}
{"environment":"development","level":"debug","message":"SQL Query","service":"kanyr-backend","sql":"Executing (default): PRAGMA INDEX_INFO(`sqlite_autoindex_diaks_1`)","timestamp":"2026-03-16 09:51:03.851","type":"database"}
{"environment":"development","level":"debug","message":"SQL Query","service":"kanyr-backend","sql":"Executing (default): PRAGMA INDEX_INFO(`sqlite_autoindex_diaks_2`)","timestamp":"2026-03-16 09:51:03.852","type":"database"}
{"environment":"development","level":"debug","message":"SQL Query","service":"kanyr-backend","sql":"Executing (default): PRAGMA INDEX_INFO(`sqlite_autoindex_diaks_3`)","timestamp":"2026-03-16 09:51:03.853","type":"database"}
{"environment":"development","level":"debug","message":"SQL Query","service":"kanyr-backend","sql":"Executing (default): PRAGMA INDEX_INFO(`sqlite_autoindex_diaks_4`)","timestamp":"2026-03-16 09:51:03.854","type":"database"}
{"environment":"development","level":"debug","message":"SQL Query","service":"kanyr-backend","sql":"Executing (default): PRAGMA INDEX_INFO(`diaks_email`)","timestamp":"2026-03-16 09:51:03.854","type":"database"}
{"environment":"development","level":"debug","message":"SQL Query","service":"kanyr-backend","sql":"Executing (default): PRAGMA INDEX_INFO(`diaks_szulo_id`)","timestamp":"2026-03-16 09:51:03.854","type":"database"}
{"environment":"development","level":"debug","message":"SQL Query","service":"kanyr-backend","sql":"Executing (default): PRAGMA INDEX_INFO(`diaks_cim_id`)","timestamp":"2026-03-16 09:51:03.855","type":"database"}
{"environment":"development","level":"debug","message":"SQL Query","service":"kanyr-backend","sql":"Executing (default): PRAGMA INDEX_INFO(`diaks_nev`)","timestamp":"2026-03-16 09:51:03.855","type":"database"}
{"environment":"development","level":"debug","message":"SQL Query","service":"kanyr-backend","sql":"Executing (default): PRAGMA INDEX_INFO(`diaks_szemelyi_igazolvany_szam`)","timestamp":"2026-03-16 09:51:03.856","type":"database"}
{"environment":"development","level":"debug","message":"SQL Query","service":"kanyr-backend","sql":"Executing (default): PRAGMA INDEX_INFO(`diaks_taj_szam`)","timestamp":"2026-03-16 09:51:03.856","type":"database"}
{"environment":"development","level":"debug","message":"SQL Query","service":"kanyr-backend","sql":"Executing (default): PRAGMA INDEX_INFO(`diaks_diakigazolvany_szam`)","timestamp":"2026-03-16 09:51:03.856","type":"database"}
{"environment":"development","level":"debug","message":"SQL Query","service":"kanyr-backend","sql":"Executing (default): PRAGMA INDEX_INFO(`idx_diaks_email`)","timestamp":"2026-03-16 09:51:03.856","type":"database"}
{"environment":"development","level":"debug","message":"SQL Query","service":"kanyr-backend","sql":"Executing (default): PRAGMA INDEX_INFO(`idx_diaks_szulo_id`)","timestamp":"2026-03-16 09:51:03.856","type":"database"}
{"environment":"development","level":"debug","message":"SQL Query","service":"kanyr-backend","sql":"Executing (default): PRAGMA INDEX_INFO(`idx_diaks_deleted_at`)","timestamp":"2026-03-16 09:51:03.856","type":"database"}
{"environment":"development","level":"debug","message":"SQL Query","service":"kanyr-backend","sql":"Executing (default): PRAGMA foreign_key_list(`diaks`)","timestamp":"2026-03-16 09:51:03.860","type":"database"}
{"environment":"development","level":"debug","message":"SQL Query","service":"kanyr-backend","sql":"Executing (default): INSERT INTO `diaks` (`diak_id`,`nev`,`email`,`telefonszam`,`szuletesi_datum`,`szemelyi_igazolvany_szam`,`taj_szam`,`diakigazolvany_szam`,`kapcsolat_tipusa`,`nem`,`deleted_at`,`created_at`,`updated_at`) VALUES (NULL,$1,$2,$3,$4,$5,$6,$7,$8,$9,$10,$11,$12);","timestamp":"2026-03-16 09:51:03.877","type":"database"}
{"environment":"development","level":"debug","message":"SQL Query","service":"kanyr-backend","sql":"Executing (default): SELECT `diak_id`, `nev`, `email`, `telefonszam`, `szuletesi_datum`, `szemelyi_igazolvany_szam`, `taj_szam`, `diakigazolvany_szam`, `szulo_id`, `kapcsolat_tipusa`, `cim_id`, `nem`, `deleted_at`, `created_at`, `updated_at` FROM `diaks` AS `Diak` WHERE (`Diak`.`deleted_at` IS NULL AND `Diak`.`diak_id` = 8);","timestamp":"2026-03-16 09:51:03.903","type":"database"}
{"environment":"development","level":"debug","message":"SQL Query","service":"kanyr-backend","sql":"Executing (default): UPDATE `diaks` SET `deleted_at`=$1,`updated_at`=$2 WHERE (`deleted_at` IS NULL AND `diak_id` = $3)","timestamp":"2026-03-16 09:51:03.908","type":"database"}
{"environment":"development","id":8,"level":"info","message":"Record soft deleted successfully","model":"Diak","service":"kanyr-backend","timestamp":"2026-03-16 09:51:03.915"}
{"environment":"development","level":"debug","message":"SQL Query","service":"kanyr-backend","sql":"Executing (default): SELECT `diak_id`, `nev`, `email`, `telefonszam`, `szuletesi_datum`, `szemelyi_igazolvany_szam`, `taj_szam`, `diakigazolvany_szam`, `szulo_id`, `kapcsolat_tipusa`, `cim_id`, `nem`, `deleted_at`, `created_at`, `updated_at` FROM `diaks` AS `Diak` WHERE (`Diak`.`deleted_at` IS NULL AND `Diak`.`diak_id` = 8);","timestamp":"2026-03-16 09:51:03.920","type":"database"}
{"environment":"development","level":"debug","message":"SQL Query","service":"kanyr-backend","sql":"Executing (default): SELECT `diak_id`, `nev`, `email`, `telefonszam`, `szuletesi_datum`, `szemelyi_igazolvany_szam`, `taj_szam`, `diakigazolvany_szam`, `szulo_id`, `kapcsolat_tipusa`, `cim_id`, `nem`, `deleted_at`, `created_at`, `updated_at` FROM `diaks` AS `Diak` WHERE `Diak`.`diak_id` = 8;","timestamp":"2026-03-16 09:51:03.924","type":"database"}
{"environment":"development","level":"debug","message":"SQL Query","service":"kanyr-backend","sql":"Executing (default): UPDATE `diaks` SET `deleted_at`=$1,`updated_at`=$2 WHERE (`deleted_at` IS NULL AND `diak_id` = $3)","timestamp":"2026-03-16 09:51:03.927","type":"database"}
{"environment":"development","error":"Failed to restore record: Diak with ID 8","id":8,"level":"error","message":"Restore operation failed","model":"Diak","service":"kanyr-backend","timestamp":"2026-03-16 09:51:03.929"}
{"environment":"development","level":"debug","message":"SQL Query","service":"kanyr-backend","sql":"Executing (default): SELECT 1+1 AS result","timestamp":"2026-03-16 09:52:16.920","type":"database"}
{"environment":"development","level":"debug","message":"SQL Query","service":"kanyr-backend","sql":"Executing (default): SELECT name FROM `sqlite_master` WHERE type='table' and name!='sqlite_sequence';","timestamp":"2026-03-16 09:52:16.928","type":"database"}
{"environment":"development","level":"debug","message":"SQL Query","service":"kanyr-backend","sql":"Executing (default): PRAGMA TABLE_INFO(`diaks`);","timestamp":"2026-03-16 09:52:16.930","type":"database"}
{"environment":"development","level":"debug","message":"SQL Query","service":"kanyr-backend","sql":"Executing (default): PRAGMA INDEX_LIST(`diaks`)","timestamp":"2026-03-16 09:52:16.932","type":"database"}
{"environment":"development","level":"debug","message":"SQL Query","service":"kanyr-backend","sql":"Executing (default): PRAGMA INDEX_INFO(`sqlite_autoindex_diaks_1`)","timestamp":"2026-03-16 09:52:16.933","type":"database"}
{"environment":"development","level":"debug","message":"SQL Query","service":"kanyr-backend","sql":"Executing (default): PRAGMA INDEX_INFO(`sqlite_autoindex_diaks_2`)","timestamp":"2026-03-16 09:52:16.933","type":"database"}
{"environment":"development","level":"debug","message":"SQL Query","service":"kanyr-backend","sql":"Executing (default): PRAGMA INDEX_INFO(`sqlite_autoindex_diaks_3`)","timestamp":"2026-03-16 09:52:16.934","type":"database"}
{"environment":"development","level":"debug","message":"SQL Query","service":"kanyr-backend","sql":"Executing (default): PRAGMA INDEX_INFO(`sqlite_autoindex_diaks_4`)","timestamp":"2026-03-16 09:52:16.935","type":"database"}
{"environment":"development","level":"debug","message":"SQL Query","service":"kanyr-backend","sql":"Executing (default): PRAGMA INDEX_INFO(`diaks_email`)","timestamp":"2026-03-16 09:52:16.936","type":"database"}
{"environment":"development","level":"debug","message":"SQL Query","service":"kanyr-backend","sql":"Executing (default): PRAGMA INDEX_INFO(`diaks_szulo_id`)","timestamp":"2026-03-16 09:52:16.937","type":"database"}
{"environment":"development","level":"debug","message":"SQL Query","service":"kanyr-backend","sql":"Executing (default): PRAGMA INDEX_INFO(`diaks_cim_id`)","timestamp":"2026-03-16 09:52:16.937","type":"database"}
{"environment":"development","level":"debug","message":"SQL Query","service":"kanyr-backend","sql":"Executing (default): PRAGMA INDEX_INFO(`diaks_nev`)","timestamp":"2026-03-16 09:52:16.938","type":"database"}
{"environment":"development","level":"debug","message":"SQL Query","service":"kanyr-backend","sql":"Executing (default): PRAGMA INDEX_INFO(`diaks_szemelyi_igazolvany_szam`)","timestamp":"2026-03-16 09:52:16.938","type":"database"}
{"environment":"development","level":"debug","message":"SQL Query","service":"kanyr-backend","sql":"Executing (default): PRAGMA INDEX_INFO(`diaks_taj_szam`)","timestamp":"2026-03-16 09:52:16.938","type":"database"}
{"environment":"development","level":"debug","message":"SQL Query","service":"kanyr-backend","sql":"Executing (default): PRAGMA INDEX_INFO(`diaks_diakigazolvany_szam`)","timestamp":"2026-03-16 09:52:16.938","type":"database"}
{"environment":"development","level":"debug","message":"SQL Query","service":"kanyr-backend","sql":"Executing (default): PRAGMA INDEX_INFO(`idx_diaks_email`)","timestamp":"2026-03-16 09:52:16.938","type":"database"}
{"environment":"development","level":"debug","message":"SQL Query","service":"kanyr-backend","sql":"Executing (default): PRAGMA INDEX_INFO(`idx_diaks_szulo_id`)","timestamp":"2026-03-16 09:52:16.939","type":"database"}
{"environment":"development","level":"debug","message":"SQL Query","service":"kanyr-backend","sql":"Executing (default): PRAGMA INDEX_INFO(`idx_diaks_deleted_at`)","timestamp":"2026-03-16 09:52:16.939","type":"database"}
{"environment":"development","level":"debug","message":"SQL Query","service":"kanyr-backend","sql":"Executing (default): PRAGMA foreign_key_list(`diaks`)","timestamp":"2026-03-16 09:52:16.942","type":"database"}
{"environment":"development","level":"debug","message":"SQL Query","service":"kanyr-backend","sql":"Executing (default): PRAGMA foreign_key_list(`diaks`)","timestamp":"2026-03-16 09:52:16.943","type":"database"}
{"environment":"development","level":"debug","message":"SQL Query","service":"kanyr-backend","sql":"Executing (default): PRAGMA INDEX_LIST(`diaks`)","timestamp":"2026-03-16 09:52:16.944","type":"database"}
{"environment":"development","level":"debug","message":"SQL Query","service":"kanyr-backend","sql":"Executing (default): PRAGMA INDEX_INFO(`sqlite_autoindex_diaks_1`)","timestamp":"2026-03-16 09:52:16.945","type":"database"}
{"environment":"development","level":"debug","message":"SQL Query","service":"kanyr-backend","sql":"Executing (default): PRAGMA INDEX_INFO(`sqlite_autoindex_diaks_2`)","timestamp":"2026-03-16 09:52:16.946","type":"database"}
{"environment":"development","level":"debug","message":"SQL Query","service":"kanyr-backend","sql":"Executing (default): PRAGMA INDEX_INFO(`sqlite_autoindex_diaks_3`)","timestamp":"2026-03-16 09:52:16.946","type":"database"}
{"environment":"development","level":"debug","message":"SQL Query","service":"kanyr-backend","sql":"Executing (default): PRAGMA INDEX_INFO(`sqlite_autoindex_diaks_4`)","timestamp":"2026-03-16 09:52:16.947","type":"database"}
{"environment":"development","level":"debug","message":"SQL Query","service":"kanyr-backend","sql":"Executing (default): PRAGMA INDEX_INFO(`diaks_email`)","timestamp":"2026-03-16 09:52:16.947","type":"database"}
{"environment":"development","level":"debug","message":"SQL Query","service":"kanyr-backend","sql":"Executing (default): PRAGMA INDEX_INFO(`diaks_szulo_id`)","timestamp":"2026-03-16 09:52:16.947","type":"database"}
{"environment":"development","level":"debug","message":"SQL Query","service":"kanyr-backend","sql":"Executing (default): PRAGMA INDEX_INFO(`diaks_cim_id`)","timestamp":"2026-03-16 09:52:16.948","type":"database"}
{"environment":"development","level":"debug","message":"SQL Query","service":"kanyr-backend","sql":"Executing (default): PRAGMA INDEX_INFO(`diaks_nev`)","timestamp":"2026-03-16 09:52:16.948","type":"database"}
{"environment":"development","level":"debug","message":"SQL Query","service":"kanyr-backend","sql":"Executing (default): PRAGMA INDEX_INFO(`diaks_szemelyi_igazolvany_szam`)","timestamp":"2026-03-16 09:52:16.949","type":"database"}
{"environment":"development","level":"debug","message":"SQL Query","service":"kanyr-backend","sql":"Executing (default): PRAGMA INDEX_INFO(`diaks_taj_szam`)","timestamp":"2026-03-16 09:52:16.949","type":"database"}
{"environment":"development","level":"debug","message":"SQL Query","service":"kanyr-backend","sql":"Executing (default): PRAGMA INDEX_INFO(`diaks_diakigazolvany_szam`)","timestamp":"2026-03-16 09:52:16.949","type":"database"}
{"environment":"development","level":"debug","message":"SQL Query","service":"kanyr-backend","sql":"Executing (default): PRAGMA INDEX_INFO(`idx_diaks_email`)","timestamp":"2026-03-16 09:52:16.949","type":"database"}
{"environment":"development","level":"debug","message":"SQL Query","service":"kanyr-backend","sql":"Executing (default): PRAGMA INDEX_INFO(`idx_diaks_szulo_id`)","timestamp":"2026-03-16 09:52:16.949","type":"database"}
{"environment":"development","level":"debug","message":"SQL Query","service":"kanyr-backend","sql":"Executing (default): PRAGMA INDEX_INFO(`idx_diaks_deleted_at`)","timestamp":"2026-03-16 09:52:16.950","type":"database"}
